[server-target] DATABASE_URL -> staging wyixpgunnjmzguhggocz (credential MASKED)
[server-target] DIRECT_URL -> staging wyixpgunnjmzguhggocz (credential MASKED)
[server-target] DATABASE_URL_ADMIN -> staging wyixpgunnjmzguhggocz (credential MASKED)
[server-target] NEXT_PUBLIC_SUPABASE_URL -> staging wyixpgunnjmzguhggocz (credential MASKED)
[server-target] TENANT_CONTEXT_TRIPWIRE=on
[server-target] DATABASE_URL role : app_user.wyixpgunnjmzguhggocz
[server-target] anon key present : true | length 208 | MASKED eyJhbG...d7Zs
[server-target] SUPABASE_SERVICE_ROLE_KEY -> staging wyixpgunnjmzguhggocz, role service_role (MASKED)
[server-target] CRON_SECRET generated for this run (MASKED, never written to a tracked file)
[server-target] NODE_OPTIONS --require 620-tc001-driver-hook.js (fixed dual-form TC001 detector)
[q620-hook] control pid=16656 callerSaw=T-C-0-0-1 hookRecorded=true Q620_HOOK_CONTROL=PASS
npm warn config ignoring workspace config at C:\Users\sammy\Projects\DriveCommand\apps\web/.npmrc
[q620-hook] control pid=16716 callerSaw=T-C-0-0-1 hookRecorded=true Q620_HOOK_CONTROL=PASS
[q620-hook] control pid=20684 callerSaw=T-C-0-0-1 hookRecorded=true Q620_HOOK_CONTROL=PASS
▲ Next.js 16.2.1 (Turbopack)
- Local:         http://localhost:3000
- Network:       http://10.1.10.35:3000
- Environments: .env.local
✓ Ready in 808ms
[@sentry/nextjs] DEPRECATION WARNING: disableLogger is deprecated and will be removed in a future version. Use webpack.treeshake.removeDebugLogging instead. (Not supported with Turbopack.)
[q620-hook] control pid=8844 callerSaw=T-C-0-0-1 hookRecorded=true Q620_HOOK_CONTROL=PASS
⚠ The "middleware" file convention is deprecated. Please use "proxy" instead. Learn more: https://nextjs.org/docs/messages/middleware-to-proxy
Browserslist: browsers data (caniuse-lite) is 7 months old. Please run:
  npx update-browserslist-db@latest
  Why you should do it regularly: https://github.com/browserslist/update-db#readme
- Experiments (use with caution):
  · clientTraceMetadata
  · serverActions

 POST /api/auth/login 200 in 3.8s (next.js: 1727ms, proxy.ts: 146ms, application-code: 1910ms)
 POST /api/auth/login 200 in 1013ms (next.js: 183ms, proxy.ts: 9ms, application-code: 822ms)
 POST /api/auth/login 200 in 956ms (next.js: 8ms, proxy.ts: 22ms, application-code: 926ms)
 GET /dashboard 200 in 2.8s (next.js: 653ms, proxy.ts: 144ms, application-code: 2.0s)
 GET /carrier/dashboard 200 in 2.2s (next.js: 286ms, proxy.ts: 161ms, application-code: 1779ms)
 GET /carrier/trips 200 in 4.3s (next.js: 207ms, proxy.ts: 150ms, application-code: 3.9s)
 GET /carrier/loads 200 in 989ms (next.js: 116ms, proxy.ts: 136ms, application-code: 737ms)
 GET /carrier/clients 200 in 1402ms (next.js: 100ms, proxy.ts: 121ms, application-code: 1180ms)
 GET /carrier/contracts 200 in 1149ms (next.js: 93ms, proxy.ts: 134ms, application-code: 922ms)
 GET /carrier/facilities 200 in 1079ms (next.js: 110ms, proxy.ts: 125ms, application-code: 844ms)
 GET /carrier/templates 200 in 985ms (next.js: 91ms, proxy.ts: 122ms, application-code: 771ms)
 GET /carrier/imports 200 in 1232ms (next.js: 133ms, proxy.ts: 122ms, application-code: 977ms)
 GET /carrier/messages 200 in 860ms (next.js: 84ms, proxy.ts: 124ms, application-code: 652ms)
 GET /drivers 200 in 1214ms (next.js: 133ms, proxy.ts: 136ms, application-code: 946ms)
 GET /trucks 200 in 1318ms (next.js: 123ms, proxy.ts: 108ms, application-code: 1088ms)
 GET /loads 200 in 1307ms (next.js: 71ms, proxy.ts: 119ms, application-code: 1117ms)
 GET /routes 200 in 1090ms (next.js: 109ms, proxy.ts: 101ms, application-code: 881ms)
 GET /invoices 200 in 1155ms (next.js: 112ms, proxy.ts: 103ms, application-code: 940ms)
 GET /payroll 200 in 982ms (next.js: 147ms, proxy.ts: 112ms, application-code: 723ms)
 GET /crm 200 in 1559ms (next.js: 89ms, proxy.ts: 113ms, application-code: 1356ms)
 GET /compliance 200 in 1249ms (next.js: 116ms, proxy.ts: 114ms, application-code: 1019ms)
 GET /live-map 200 in 1660ms (next.js: 108ms, proxy.ts: 116ms, application-code: 1435ms)
 GET /settings/operations 200 in 1367ms (next.js: 114ms, proxy.ts: 226ms, application-code: 1027ms)
 GET /support 200 in 1111ms (next.js: 100ms, proxy.ts: 122ms, application-code: 889ms)
Only plain objects can be passed to Client Components from Server Components. Decimal objects are not supported.
  {id: ..., orgId: ..., dispatchId: ..., contractId: ..., clientId: ..., loadType: ..., referenceNumber: ..., bolNumber: ..., proNumber: ..., poNumber: ..., commodityDescription: ..., commodityWeightLbs: ..., commodityPieces: ..., commodityPallets: ..., hazmat: ..., hazmatClass: ..., rateType: ..., rateAmount: Decimal, currency: ..., brokerFlag: ..., carrierCost: ..., fuelSurcharge: ..., detentionAmount: ..., otherCharges: ..., totalRevenue: ..., status: ..., isSample: ..., specialInstructions: ..., notes: ..., pendingStopsJson: ..., totalMiles: ..., loadedMiles: ..., mileageSource: ..., createdById: ..., updatedById: ..., deletedAt: ..., deletedById: ..., createdAt: ..., updatedAt: ..., client: ...}
                                                                                                                                                                                                                                                                                                                        ^^^^^^^
 GET /home 200 in 4.7s (next.js: 230ms, proxy.ts: 104ms, application-code: 4.3s)
[q620-hook] TC001 pid=8844 sql=SELECT COUNT(*) AS "_count$_all" FROM (SELECT "public"."Document"."id" FROM "public"."Document" WHERE ("public"."Document"."tenantId" = $1 AND "public"."Document"."driverId" = $2 AND "public"."Documen
Only plain objects can be passed to Client Components from Server Components. Decimal objects are not supported.
  {id: ..., orgId: ..., dispatchId: ..., contractId: ..., clientId: ..., loadType: ..., referenceNumber: ..., bolNumber: ..., proNumber: ..., poNumber: ..., commodityDescription: ..., commodityWeightLbs: ..., commodityPieces: ..., commodityPallets: ..., hazmat: ..., hazmatClass: ..., rateType: ..., rateAmount: Decimal, currency: ..., brokerFlag: ..., carrierCost: ..., fuelSurcharge: ..., detentionAmount: ..., otherCharges: ..., totalRevenue: ..., status: ..., isSample: ..., specialInstructions: ..., notes: ..., pendingStopsJson: ..., totalMiles: ..., loadedMiles: ..., mileageSource: ..., createdById: ..., updatedById: ..., deletedAt: ..., deletedById: ..., createdAt: ..., updatedAt: ..., client: ..., stops: ...}
                                                                                                                                                                                                                                                                                                                        ^^^^^^^
 GET /my-load 200 in 1316ms (next.js: 141ms, proxy.ts: 221ms, application-code: 955ms)
Only plain objects can be passed to Client Components from Server Components. Decimal objects are not supported.
  {id: ..., orgId: ..., dispatchId: ..., contractId: ..., clientId: ..., loadType: ..., referenceNumber: ..., bolNumber: ..., proNumber: ..., poNumber: ..., commodityDescription: ..., commodityWeightLbs: ..., commodityPieces: ..., commodityPallets: ..., hazmat: ..., hazmatClass: ..., rateType: ..., rateAmount: Decimal, currency: ..., brokerFlag: ..., carrierCost: ..., fuelSurcharge: ..., detentionAmount: ..., otherCharges: ..., totalRevenue: ..., status: ..., isSample: ..., specialInstructions: ..., notes: ..., pendingStopsJson: ..., totalMiles: ..., loadedMiles: ..., mileageSource: ..., createdById: ..., updatedById: ..., deletedAt: ..., deletedById: ..., createdAt: ..., updatedAt: ..., client: ...}
                                                                                                                                                                                                                                                                                                                        ^^^^^^^
 GET /my-route 200 in 2.4s (next.js: 109ms, proxy.ts: 118ms, application-code: 2.2s)
 GET /documents 200 in 559ms (next.js: 112ms, proxy.ts: 105ms, application-code: 342ms)
 GET /hours 200 in 754ms (next.js: 105ms, proxy.ts: 109ms, application-code: 540ms)
[2026-09-16T20:45:03.366Z] INFO: [admin-db] privileged query {"reason":"auto-close stale ticket sweep"}
 GET /api/cron/auto-close-tickets 200 in 575ms (next.js: 82ms, proxy.ts: 7ms, application-code: 487ms)
[cron/automations] Starting evaluator run
[2026-09-16T20:45:05.698Z] INFO: [admin-db] privileged query {"reason":"automation cron candidate sweep"}
[2026-09-16T20:45:05.699Z] INFO: [admin-db] privileged query {"reason":"automation cron candidate sweep"}
[cron] Rule 'no_progress_nudge' — 0 candidate tenant(s)
[2026-09-16T20:45:05.842Z] INFO: [admin-db] privileged query {"reason":"automation cron candidate sweep"}
[cron] Rule 'add_driver_nudge' — 0 candidate tenant(s)
[2026-09-16T20:45:05.985Z] INFO: [admin-db] privileged query {"reason":"automation cron candidate sweep"}
[cron] Rule 'dispatch_load_nudge' — 0 candidate tenant(s)
[2026-09-16T20:45:06.128Z] INFO: [admin-db] privileged query {"reason":"automation cron candidate sweep"}
[cron] Rule 'trial_ending_soon' — 0 candidate tenant(s)
[2026-09-16T20:45:06.273Z] INFO: [admin-db] privileged query {"reason":"automation evaluator scan"}
[evaluator] Path 1 — found 1 AppEvent(s) in last 30 days
[evaluator] Path 2 — found 0 due PENDING run(s)
[evaluator] Done — pendingCreated=0 executed=0 failed=0
[cron/automations] Complete {
  pendingCreated: 0,
  executed: 0,
  failed: 0,
  failureCount: 0,
  failures: []
}
 GET /api/cron/automations 200 in 1000ms (next.js: 128ms, proxy.ts: 6ms, application-code: 866ms)
[2026-09-16T20:45:08.260Z] INFO: [CRON] carrier-auto-dispatch: Starting nightly dispatch generation
[2026-09-16T20:45:08.261Z] INFO: [admin-db] privileged query {"reason":"auto-dispatch generation tenant sweep"}
[2026-09-16T20:45:08.322Z] INFO: [CRON] carrier-auto-dispatch: Found 2 active tenant(s)
[2026-09-16T20:45:08.596Z] INFO: [CRON] carrier-auto-dispatch: Completed {"orgs_processed":0,"total_dispatches_created":0,"total_loads_created":0,"total_stops_created":0,"total_errors":0,"details":[],"failureCount":0,"failures":[]}
 GET /api/cron/carrier-auto-dispatch 200 in 439ms (next.js: 89ms, proxy.ts: 5ms, application-code: 345ms)
[2026-09-16T20:45:10.262Z] INFO: [CRON] carrier-compliance-alerts: Starting daily compliance check
[2026-09-16T20:45:10.262Z] INFO: [admin-db] privileged query {"reason":"compliance alert tenant sweep"}
[2026-09-16T20:45:10.331Z] INFO: [CRON] carrier-compliance-alerts: Found 2 active tenant(s)
[2026-09-16T20:45:10.738Z] INFO: [CRON] carrier-compliance-alerts: Tenant Staging Beta Logistics (8c6136c4-eb7b-4a89-a524-d1d0e2c8d045) — 0 alert(s) found
[2026-09-16T20:45:11.153Z] INFO: [CRON] carrier-compliance-alerts: Tenant Staging Alpha Carriers (b5623cdd-dc19-4900-b75d-0ecfcaf191b8) — 0 alert(s) found
[2026-09-16T20:45:11.154Z] INFO: [CRON] carrier-compliance-alerts: Completed {"orgs_processed":2,"total_alerts_found":0,"failureCount":0,"failures":[]}
 GET /api/cron/carrier-compliance-alerts 200 in 1051ms (next.js: 145ms, proxy.ts: 5ms, application-code: 901ms)
[2026-09-16T20:45:12.773Z] INFO: [CRON] cleanup-quarantine: Starting
[2026-09-16T20:45:16.960Z] INFO: [CRON] cleanup-quarantine: Completed {"success":true,"scanned":0,"deleted":0,"errors":0,"failureCount":0,"failures":[]}
 GET /api/cron/cleanup-quarantine 200 in 4.3s (next.js: 97ms, proxy.ts: 6ms, application-code: 4.2s)
[2026-09-16T20:45:18.609Z] INFO: [CRON] digest-compliance-30day: Starting 30-day compliance digest
[2026-09-16T20:45:18.609Z] INFO: [admin-db] privileged query {"reason":"compliance digest tenant sweep"}
[2026-09-16T20:45:18.680Z] INFO: [CRON] digest-compliance-30day: Found 2 active tenant(s)
[2026-09-16T20:45:19.974Z] INFO: [CRON] digest-compliance-30day: Completed {"success":true,"processedTenants":2,"sent":0,"skipped":3,"failed":0,"failureCount":0,"failures":[]}
 GET /api/cron/digest-compliance-30day 200 in 1487ms (next.js: 104ms, proxy.ts: 8ms, application-code: 1375ms)
[2026-09-16T20:45:21.580Z] INFO: [CRON] digest-daily-driver: Starting daily driver digest
[2026-09-16T20:45:21.582Z] INFO: [admin-db] privileged query {"reason":"daily driver digest tenant sweep"}
[2026-09-16T20:45:21.646Z] INFO: [CRON] digest-daily-driver: Found 2 active tenant(s)
[2026-09-16T20:45:22.948Z] INFO: [CRON] digest-daily-driver: Completed {"success":true,"processedTenants":2,"sent":0,"skipped":5,"failed":0,"failureCount":0,"failures":[]}
 GET /api/cron/digest-daily-driver 200 in 1467ms (next.js: 84ms, proxy.ts: 6ms, application-code: 1377ms)
[2026-09-16T20:45:24.598Z] INFO: [CRON] digest-weekly-owner: Starting weekly owner digest
[2026-09-16T20:45:24.598Z] INFO: [admin-db] privileged query {"reason":"weekly owner digest tenant sweep"}
[2026-09-16T20:45:24.668Z] INFO: [CRON] digest-weekly-owner: Found 2 active tenant(s)
[2026-09-16T20:45:25.374Z] INFO: [CRON] digest-weekly-owner: Completed {"success":true,"processedTenants":2,"sent":0,"skipped":3,"failed":0,"failureCount":0,"failures":[]}
 GET /api/cron/digest-weekly-owner 200 in 894ms (next.js: 102ms, proxy.ts: 6ms, application-code: 787ms)
[2026-09-16T20:45:26.984Z] INFO: [admin-db] privileged query {"reason":"overdue invoice sweep"}
[2026-09-16T20:45:27.178Z] INFO: [CRON] mark-overdue-invoices: Marked 0 invoice(s) overdue
 GET /api/cron/mark-overdue-invoices 200 in 292ms (next.js: 78ms, proxy.ts: 7ms, application-code: 207ms)
[2026-09-16T20:45:28.890Z] INFO: [CRON] purge-deleted: Starting
[2026-09-16T20:45:28.891Z] INFO: [admin-db] privileged query {"reason":"soft-delete purge tenant sweep"}
[2026-09-16T20:45:28.950Z] INFO: [CRON] purge-deleted: 2 active tenant(s)
[2026-09-16T20:45:30.030Z] INFO: [CRON] purge-deleted: Completed {"totalPurged":0,"tenantsProcessed":2,"tenantsFound":2,"results":{"CarrierLoad":0,"Trip":0,"CarrierContract":0,"CarrierClient":0,"CarrierDriver":0,"CarrierTruck":0,"Route":0},"failureCount":0,"failures":[]}
 GET /api/cron/purge-deleted 200 in 1234ms (next.js: 77ms, proxy.ts: 6ms, application-code: 1151ms)
[2026-09-16T20:45:31.740Z] INFO: [CRON] send-reminders: Starting daily reminder processing
[2026-09-16T20:45:31.740Z] INFO: [admin-db] privileged query {"reason":"reminders cron tenant sweep"}
[2026-09-16T20:45:31.805Z] INFO: [CRON] send-reminders: Found 2 active tenant(s)
[2026-09-16T20:45:31.806Z] INFO: [CRON] send-reminders: Processing tenant Staging Beta Logistics (8c6136c4-eb7b-4a89-a524-d1d0e2c8d045)
[2026-09-16T20:45:32.310Z] INFO: [CRON] send-reminders: Found 0 upcoming maintenance item(s)
[2026-09-16T20:45:32.311Z] INFO: [CRON] send-reminders: Found 0 expiring document(s)
[2026-09-16T20:45:32.311Z] INFO: [CRON] send-reminders: Found 0 expiring driver document(s)
[2026-09-16T20:45:32.311Z] INFO: [CRON] send-reminders: Processing tenant Staging Alpha Carriers (b5623cdd-dc19-4900-b75d-0ecfcaf191b8)
[2026-09-16T20:45:32.827Z] INFO: [CRON] send-reminders: Found 0 upcoming maintenance item(s)
[2026-09-16T20:45:32.828Z] INFO: [CRON] send-reminders: Found 0 expiring document(s)
[2026-09-16T20:45:32.829Z] INFO: [CRON] send-reminders: Found 0 expiring driver document(s)
[2026-09-16T20:45:32.829Z] INFO: [CRON] send-reminders: Completed {"success":true,"processedTenants":2,"tenantsFound":2,"maintenance":{"sent":0,"skipped":0,"failed":0},"documents":{"sent":0,"skipped":0,"failed":0},"driverDocuments":{"sent":0,"skipped":0,"failed":0},"failureCount":0,"failures":[]}
 GET /api/cron/send-reminders 200 in 1195ms (next.js: 92ms, proxy.ts: 6ms, application-code: 1097ms)
[2026-09-16T20:45:34.533Z] INFO: [admin-db] privileged query {"reason":"trip reminder tenant sweep"}
[2026-09-16T20:45:35.386Z] INFO: [CRON] trip-reminders: done {"tenantsProcessed":2,"tenantsFailed":0,"remindersSent":0,"failureCount":0,"failures":[]}
 GET /api/cron/trip-reminders 200 in 954ms (next.js: 86ms, proxy.ts: 5ms, application-code: 862ms)
[2026-09-16T20:45:37.062Z] INFO: [CRON] workflow-digest: Starting daily digest sweep
[2026-09-16T20:45:37.062Z] INFO: [admin-db] privileged query {"reason":"workflow digest active-tenant sweep"}
[2026-09-16T20:45:37.127Z] INFO: [CRON] workflow-digest: 0 tenant(s) with active instances
[2026-09-16T20:45:37.127Z] INFO: [CRON] workflow-digest: Complete {"tenantsSent":0,"tenantsSkipped":0,"tenantsErrored":0,"failureCount":0,"failures":[]}
 GET /api/cron/workflow-digest 200 in 137ms (next.js: 63ms, proxy.ts: 3ms, application-code: 71ms)
[2026-09-16T20:45:38.826Z] INFO: [CRON] workflow-notifications: Starting sweep
[2026-09-16T20:45:38.826Z] INFO: [admin-db] privileged query {"reason":"workflow overdue-step sweep"}
[2026-09-16T20:45:38.953Z] INFO: [CRON] workflow-notifications: Found 0 overdue step(s)
[2026-09-16T20:45:38.954Z] INFO: [admin-db] privileged query {"reason":"workflow blocked-instance sweep"}
[2026-09-16T20:45:39.026Z] INFO: [CRON] workflow-notifications: Found 0 instance(s) blocked >48h needing email escalation
[2026-09-16T20:45:39.026Z] INFO: [CRON] workflow-notifications: Completed {"stats":{"overdueSent":0,"overdueErrors":0,"blockedEmailsSent":0,"blockedEmailErrors":0,"sweepsFailed":0},"failureCount":0,"failures":[]}
 GET /api/cron/workflow-notifications 200 in 309ms (next.js: 94ms, proxy.ts: 5ms, application-code: 210ms)
[2026-09-16T20:45:40.678Z] INFO: [WARMUP] Pinged successfully
 GET /api/warmup 200 in 148ms (next.js: 70ms, proxy.ts: 5ms, application-code: 73ms)
 POST /api/auth/login 200 in 1203ms (next.js: 9ms, proxy.ts: 4ms, application-code: 1190ms)
 POST /api/auth/login 200 in 663ms (next.js: 6ms, proxy.ts: 6ms, application-code: 651ms)
 POST /api/auth/login 200 in 912ms (next.js: 4ms, proxy.ts: 4ms, application-code: 904ms)
 POST /api/auth/login 200 in 403ms (next.js: 7ms, proxy.ts: 6ms, application-code: 390ms)
 GET /carrier/driver-pay/settlements 200 in 1196ms (next.js: 80ms, proxy.ts: 109ms, application-code: 1007ms)
 GET /carrier/driver-pay/pending 200 in 786ms (next.js: 92ms, proxy.ts: 108ms, application-code: 586ms)
 GET /carrier/driver-pay/reports 200 in 1338ms (next.js: 136ms, proxy.ts: 111ms, application-code: 1091ms)
 GET /carrier/driver-pay 404 in 332ms (next.js: 149ms, proxy.ts: 140ms, application-code: 43ms)
 GET /carrier/reports 404 in 172ms (next.js: 32ms, proxy.ts: 107ms, application-code: 34ms)
 GET /carrier/reports/aging 200 in 820ms (next.js: 86ms, proxy.ts: 108ms, application-code: 626ms)
 GET /carrier/reports/performance 200 in 948ms (next.js: 134ms, proxy.ts: 169ms, application-code: 645ms)
 GET /carrier/reports/revenue 200 in 898ms (next.js: 81ms, proxy.ts: 114ms, application-code: 703ms)
 GET /carrier/reports/todays-trips 200 in 853ms (next.js: 85ms, proxy.ts: 121ms, application-code: 647ms)
 GET /checklists 200 in 862ms (next.js: 96ms, proxy.ts: 106ms, application-code: 660ms)
 GET /checklists/playbooks 404 in 213ms (next.js: 19ms, proxy.ts: 162ms, application-code: 32ms)
 GET /checklists/instances 404 in 202ms (next.js: 21ms, proxy.ts: 142ms, application-code: 39ms)
 GET /checklists/analytics 200 in 890ms (next.js: 98ms, proxy.ts: 128ms, application-code: 664ms)
 GET /checklists/automation 200 in 961ms (next.js: 89ms, proxy.ts: 108ms, application-code: 764ms)
 GET /settings/notifications 200 in 2.2s (next.js: 92ms, proxy.ts: 104ms, application-code: 2.0s)
[2026-09-16T20:46:24.904Z] INFO: [admin-db] privileged query {"reason":"sysadmin automation rule listing"}
 GET /automations 200 in 850ms (next.js: 103ms, proxy.ts: 115ms, application-code: 632ms)
[2026-09-16T20:46:27.210Z] INFO: [admin-db] privileged query {"reason":"sysadmin platform metrics"}
 GET /admin-dashboard 200 in 720ms (next.js: 113ms, proxy.ts: 114ms, application-code: 492ms)
[2026-09-16T20:46:29.460Z] INFO: [admin-db] privileged query {"reason":"sysadmin invoice management"}
 GET /billing 200 in 588ms (next.js: 135ms, proxy.ts: 105ms, application-code: 348ms)
 GET /plans 200 in 433ms (next.js: 88ms, proxy.ts: 105ms, application-code: 240ms)
[2026-09-16T20:46:33.636Z] INFO: [admin-db] privileged query {"reason":"sysadmin notification send log listing"}
[2026-09-16T20:46:33.637Z] INFO: [admin-db] privileged query {"reason":"sysadmin notification delivery statistics"}
 GET /notifications 200 in 1078ms (next.js: 87ms, proxy.ts: 107ms, application-code: 883ms)
[2026-09-16T20:46:36.242Z] INFO: [admin-db] privileged query {"reason":"sysadmin ticket listing"}
[2026-09-16T20:46:36.316Z] INFO: [admin-db] privileged query {"reason":"sysadmin tenant listing"}
 GET /admin-support 200 in 568ms (next.js: 92ms, proxy.ts: 100ms, application-code: 375ms)
[2026-09-16T20:46:39.236Z] INFO: [admin-db] privileged query {"reason":"public shipment tracking lookup"}
 GET /track/604-probe-no-seeded-token 404 in 1380ms (next.js: 1207ms, proxy.ts: 5ms, application-code: 168ms)
[q620-hook] control pid=7736 callerSaw=T-C-0-0-1 hookRecorded=true Q620_HOOK_CONTROL=PASS
 GET /sign-up 200 in 1085ms (next.js: 971ms, proxy.ts: 4ms, application-code: 110ms)
[q620-hook] control pid=10056 callerSaw=T-C-0-0-1 hookRecorded=true Q620_HOOK_CONTROL=PASS
 GET /onboarding 307 in 548ms (next.js: 93ms, proxy.ts: 316ms, application-code: 139ms)
[welcome] tenantId: b5623cdd-dc19-4900-b75d-0ecfcaf191b8 phase: HYDRATED
[hydrateTenant] starting for tenantId: b5623cdd-dc19-4900-b75d-0ecfcaf191b8
[hydrateTenant] already HYDRATED, skipping
 GET /onboarding/welcome 200 in 1917ms (next.js: 80ms, proxy.ts: 7ms, application-code: 1830ms)
 GET /api/mobile/driver/dashboard 200 in 760ms (next.js: 99ms, proxy.ts: 5ms, application-code: 656ms)
 GET /api/mobile/driver/documents 200 in 443ms (next.js: 88ms, proxy.ts: 5ms, application-code: 350ms)
 GET /api/mobile/driver/hos 200 in 499ms (next.js: 92ms, proxy.ts: 5ms, application-code: 403ms)
 GET /api/mobile/driver/incidents 200 in 435ms (next.js: 54ms, proxy.ts: 2ms, application-code: 379ms)
 GET /api/mobile/driver/loads 200 in 560ms (next.js: 66ms, proxy.ts: 7ms, application-code: 487ms)
[2026-09-16T20:47:03.080Z] ERROR: [withMobileAuth] handler error: Error [PrismaClientKnownRequestError]: 
Invalid `prisma.fleetMessage.findMany()` invocation:


The column `(not available)` does not exist in the current database.
    at zr.handleRequestError (src\generated\prisma\runtime\client.js:69:8172)
    at zr.handleAndLogRequestError (src\generated\prisma\runtime\client.js:69:7467)
    at zr.request (src\generated\prisma\runtime\client.js:69:7174)
    at async a (src\generated\prisma\runtime\client.js:79:5816)
    at async (src\app\api\mobile\driver\messages\route.ts:43:27)
    at async Proxy._transactionWithCallback (src\generated\prisma\runtime\client.js:79:4390)
    at async GET.allowedRoles (src\app\api\mobile\driver\messages\route.ts:32:38)
    at async (src\lib\api\with-mobile-auth.ts:74:14)
  67 | ...
  68 | ...
> 69 | ...t u=s?{modelName:s,...t.meta}:t.meta;throw new w.PrismaClientKnownRequestError(l,{code:...
     |                                               ^
  70 | ...
  71 | ...
  72 | ... {
  code: 'P2022',
  meta: {
    modelName: 'FleetMessage',
    driverAdapterError: Error [DriverAdapterError]: ColumnNotFound
        at async e.interpretNode (src\generated\prisma\runtime\client.js:15:43522)
        at async e.interpretNode (src\generated\prisma\runtime\client.js:15:45151)
        at async e.run (src\generated\prisma\runtime\client.js:15:42242)
        at async e.execute (src\generated\prisma\runtime\client.js:61:815)
        at async qt.request (src\generated\prisma\runtime\client.js:62:2327)
        at async Object.singleLoader (src\generated\prisma\runtime\client.js:69:6569)
      13 | ...
      14 | ...
    > 15 | ...r(let o of n){let s=Sa(o,r.sqlCommenter),a=await this.#l(s,r.queryable,()=>r.queryable....
         |                                               ^
      16 | ...
      17 | ...
      18 | ... {
      [cause]: [Object]
    }
  },
  clientVersion: '7.6.0'
}
 GET /api/mobile/driver/messages 500 in 916ms (next.js: 62ms, proxy.ts: 9ms, application-code: 845ms)
 GET /api/mobile/driver/messages/route-thread 400 in 196ms (next.js: 87ms, proxy.ts: 8ms, application-code: 102ms)
 GET /api/mobile/driver/messages/unread-count 200 in 491ms (next.js: 54ms, proxy.ts: 7ms, application-code: 430ms)
 GET /api/mobile/driver/route 200 in 539ms (next.js: 56ms, proxy.ts: 2ms, application-code: 480ms)
 GET /api/mobile/driver/tasks 200 in 498ms (next.js: 54ms, proxy.ts: 6ms, application-code: 438ms)
 GET /api/mobile/driver/tracking-token 200 in 425ms (next.js: 56ms, proxy.ts: 3ms, application-code: 367ms)
 GET /api/mobile/owner/compliance 200 in 718ms (next.js: 158ms, proxy.ts: 5ms, application-code: 555ms)
 GET /api/mobile/owner/crm 200 in 738ms (next.js: 62ms, proxy.ts: 2ms, application-code: 673ms)
 GET /api/mobile/owner/customers 200 in 473ms (next.js: 89ms, proxy.ts: 5ms, application-code: 379ms)
 GET /api/mobile/owner/dashboard 200 in 1218ms (next.js: 79ms, proxy.ts: 5ms, application-code: 1133ms)
[2026-09-16T20:47:24.933Z] ERROR: [withMobileAuth] handler error: Error [PrismaClientKnownRequestError]: 
Invalid `prisma.driverInvitation.findMany()` invocation:


The column `(not available)` does not exist in the current database.
    at zr.handleRequestError (src\generated\prisma\runtime\client.js:69:8172)
    at zr.handleAndLogRequestError (src\generated\prisma\runtime\client.js:69:7467)
    at zr.request (src\generated\prisma\runtime\client.js:69:7174)
    at async a (src\generated\prisma\runtime\client.js:79:5816)
    at async (src\app\api\mobile\owner\drivers\route.ts:106:27)
    at async Proxy._transactionWithCallback (src\generated\prisma\runtime\client.js:79:4390)
    at async GET.allowedRoles (src\app\api\mobile\owner\drivers\route.ts:64:38)
    at async (src\lib\api\with-mobile-auth.ts:74:14)
  67 | ...
  68 | ...
> 69 | ...t u=s?{modelName:s,...t.meta}:t.meta;throw new w.PrismaClientKnownRequestError(l,{code:...
     |                                               ^
  70 | ...
  71 | ...
  72 | ... {
  code: 'P2022',
  meta: {
    modelName: 'DriverInvitation',
    driverAdapterError: Error [DriverAdapterError]: ColumnNotFound
        at async e.interpretNode (src\generated\prisma\runtime\client.js:15:43522)
        at async e.interpretNode (src\generated\prisma\runtime\client.js:15:45151)
        at async e.run (src\generated\prisma\runtime\client.js:15:42242)
        at async e.execute (src\generated\prisma\runtime\client.js:61:815)
        at async qt.request (src\generated\prisma\runtime\client.js:62:2327)
        at async Object.singleLoader (src\generated\prisma\runtime\client.js:69:6569)
      13 | ...
      14 | ...
    > 15 | ...r(let o of n){let s=Sa(o,r.sqlCommenter),a=await this.#l(s,r.queryable,()=>r.queryable....
         |                                               ^
      16 | ...
      17 | ...
      18 | ... {
      [cause]: [Object]
    }
  },
  clientVersion: '7.6.0'
}
 GET /api/mobile/owner/drivers 500 in 862ms (next.js: 97ms, proxy.ts: 5ms, application-code: 760ms)
 GET /api/mobile/owner/drivers/active 200 in 452ms (next.js: 63ms, proxy.ts: 7ms, application-code: 382ms)
 GET /api/mobile/owner/fleet-positions 200 in 425ms (next.js: 60ms, proxy.ts: 6ms, application-code: 359ms)
[2026-09-16T20:47:31.086Z] ERROR: [mobile/owner/fleet/messages GET] error: Error [PrismaClientKnownRequestError]: 
Invalid `prisma.fleetMessage.findMany()` invocation:


The column `(not available)` does not exist in the current database.
    at zr.handleRequestError (src\generated\prisma\runtime\client.js:69:8172)
    at zr.handleAndLogRequestError (src\generated\prisma\runtime\client.js:69:7467)
    at zr.request (src\generated\prisma\runtime\client.js:69:7174)
    at async a (src\generated\prisma\runtime\client.js:79:5816)
    at async (src\app\api\mobile\owner\fleet\messages\route.ts:46:27)
    at async Proxy._transactionWithCallback (src\generated\prisma\runtime\client.js:79:4390)
    at async GET (src\app\api\mobile\owner\fleet\messages\route.ts:45:38)
  67 | ...
  68 | ...
> 69 | ...t u=s?{modelName:s,...t.meta}:t.meta;throw new w.PrismaClientKnownRequestError(l,{code:...
     |                                               ^
  70 | ...
  71 | ...
  72 | ... {
  code: 'P2022',
  meta: {
    modelName: 'FleetMessage',
    driverAdapterError: Error [DriverAdapterError]: ColumnNotFound
        at async e.interpretNode (src\generated\prisma\runtime\client.js:15:43522)
        at async e.interpretNode (src\generated\prisma\runtime\client.js:15:45151)
        at async e.run (src\generated\prisma\runtime\client.js:15:42242)
        at async e.execute (src\generated\prisma\runtime\client.js:61:815)
        at async qt.request (src\generated\prisma\runtime\client.js:62:2327)
        at async Object.singleLoader (src\generated\prisma\runtime\client.js:69:6569)
      13 | ...
      14 | ...
    > 15 | ...r(let o of n){let s=Sa(o,r.sqlCommenter),a=await this.#l(s,r.queryable,()=>r.queryable....
         |                                               ^
      16 | ...
      17 | ...
      18 | ... {
      [cause]: [Object]
    }
  },
  clientVersion: '7.6.0'
}
 GET /api/mobile/owner/fleet/messages 500 in 591ms (next.js: 93ms, proxy.ts: 6ms, application-code: 492ms)
 GET /api/mobile/owner/fuel 200 in 492ms (next.js: 61ms, proxy.ts: 4ms, application-code: 427ms)
 GET /api/mobile/owner/invoices 200 in 512ms (next.js: 62ms, proxy.ts: 3ms, application-code: 448ms)
 GET /api/mobile/owner/loads 200 in 742ms (next.js: 93ms, proxy.ts: 5ms, application-code: 644ms)
 GET /api/mobile/owner/maintenance 200 in 544ms (next.js: 75ms, proxy.ts: 6ms, application-code: 463ms)
 GET /api/mobile/owner/map/vehicles 200 in 431ms (next.js: 58ms, proxy.ts: 7ms, application-code: 367ms)
[2026-09-16T20:47:43.602Z] ERROR: [mobile/owner/payroll] error: Error [PrismaClientKnownRequestError]: 
Invalid `prisma.payrollRecord.findMany()` invocation:


The column `(not available)` does not exist in the current database.
    at zr.handleRequestError (src\generated\prisma\runtime\client.js:69:8172)
    at zr.handleAndLogRequestError (src\generated\prisma\runtime\client.js:69:7467)
    at zr.request (src\generated\prisma\runtime\client.js:69:7174)
    at async a (src\generated\prisma\runtime\client.js:79:5816)
    at async (src\app\api\mobile\owner\payroll\route.ts:40:23)
    at async Proxy._transactionWithCallback (src\generated\prisma\runtime\client.js:79:4390)
    at async GET (src\app\api\mobile\owner\payroll\route.ts:39:20)
  67 | ...
  68 | ...
> 69 | ...t u=s?{modelName:s,...t.meta}:t.meta;throw new w.PrismaClientKnownRequestError(l,{code:...
     |                                               ^
  70 | ...
  71 | ...
  72 | ... {
  code: 'P2022',
  meta: {
    modelName: 'PayrollRecord',
    driverAdapterError: Error [DriverAdapterError]: ColumnNotFound
        at async e.interpretNode (src\generated\prisma\runtime\client.js:15:43522)
        at async e.interpretNode (src\generated\prisma\runtime\client.js:15:42651)
        at async e.interpretNode (src\generated\prisma\runtime\client.js:15:45151)
        at async e.run (src\generated\prisma\runtime\client.js:15:42242)
        at async e.execute (src\generated\prisma\runtime\client.js:61:815)
        at async qt.request (src\generated\prisma\runtime\client.js:62:2327)
        at async Object.singleLoader (src\generated\prisma\runtime\client.js:69:6569)
      13 | ...
      14 | ...
    > 15 | ...r(let o of n){let s=Sa(o,r.sqlCommenter),a=await this.#l(s,r.queryable,()=>r.queryable....
         |                                               ^
      16 | ...
      17 | ...
      18 | ... {
      [cause]: [Object]
    }
  },
  clientVersion: '7.6.0'
}
 GET /api/mobile/owner/payroll 500 in 578ms (next.js: 81ms, proxy.ts: 5ms, application-code: 492ms)
 GET /api/mobile/owner/routes 200 in 668ms (next.js: 87ms, proxy.ts: 5ms, application-code: 576ms)
 GET /api/mobile/owner/safety 200 in 774ms (next.js: 77ms, proxy.ts: 6ms, application-code: 692ms)
 GET /api/mobile/owner/trucks 200 in 792ms (next.js: 73ms, proxy.ts: 6ms, application-code: 713ms)
 GET /api/mobile/driver/dashboard 401 in 22ms (next.js: 7ms, proxy.ts: 5ms, application-code: 10ms)
 GET /api/mobile/driver/dashboard 200 in 588ms (next.js: 7ms, proxy.ts: 7ms, application-code: 574ms)
