[server-target] DATABASE_URL -> staging wyixpgunnjmzguhggocz (credential MASKED)
[server-target] DIRECT_URL -> staging wyixpgunnjmzguhggocz (credential MASKED)
[server-target] DATABASE_URL_ADMIN -> staging wyixpgunnjmzguhggocz (credential MASKED)
[server-target] NEXT_PUBLIC_SUPABASE_URL -> staging wyixpgunnjmzguhggocz (credential MASKED)
[server-target] TENANT_CONTEXT_TRIPWIRE=on
[server-target] DATABASE_URL role : app_user.wyixpgunnjmzguhggocz
[server-target] anon key present : true | length 208 | MASKED eyJhbG...d7Zs
[server-target] SUPABASE_SERVICE_ROLE_KEY -> staging wyixpgunnjmzguhggocz, role service_role (MASKED)
[server-target] CRON_SECRET generated for this run (MASKED, never written to a tracked file)
[server-target] NODE_OPTIONS --require 626-checkout-counter-hook.js (loads 620 detector unchanged, then counts checkouts + GUC writes)
[q626-count] installed pid=5676
[q620-hook] control pid=5676 callerSaw=T-C-0-0-1 hookRecorded=true Q620_HOOK_CONTROL=PASS
[q626-count] installed pid=2180
npm warn config ignoring workspace config at C:\Users\sammy\Projects\DriveCommand\apps\web/.npmrc
[q626-count] installed pid=21452
[q620-hook] control pid=2180 callerSaw=T-C-0-0-1 hookRecorded=true Q620_HOOK_CONTROL=PASS
[q626-count] installed pid=15364
[q620-hook] control pid=21452 callerSaw=T-C-0-0-1 hookRecorded=true Q620_HOOK_CONTROL=PASS
▲ Next.js 16.2.1 (Turbopack)
- Local:         http://localhost:3000
- Network:       http://10.1.10.35:3000
- Environments: .env.local
✓ Ready in 761ms
[@sentry/nextjs] DEPRECATION WARNING: disableLogger is deprecated and will be removed in a future version. Use webpack.treeshake.removeDebugLogging instead. (Not supported with Turbopack.)
[q626-count] installed pid=18904
[q620-hook] control pid=15364 callerSaw=T-C-0-0-1 hookRecorded=true Q620_HOOK_CONTROL=PASS
[q620-hook] control pid=18904 callerSaw=T-C-0-0-1 hookRecorded=true Q620_HOOK_CONTROL=PASS
⚠ The "middleware" file convention is deprecated. Please use "proxy" instead. Learn more: https://nextjs.org/docs/messages/middleware-to-proxy
- Experiments (use with caution):
  · clientTraceMetadata
  · serverActions

[q626-count] pid=15364 checkouts=1 gucWrites=0
[q626-count] pid=15364 checkouts=3 gucWrites=0
 POST /api/auth/login 200 in 4.1s (next.js: 2.1s, proxy.ts: 69ms, application-code: 1848ms)
[q626-count] pid=15364 checkouts=4 gucWrites=0
 POST /api/auth/login 200 in 749ms (next.js: 5ms, proxy.ts: 7ms, application-code: 738ms)
[q626-count] pid=15364 checkouts=5 gucWrites=0
[q626-count] pid=15364 checkouts=6 gucWrites=0
[q626-count] pid=15364 checkouts=7 gucWrites=0
[q626-count] pid=15364 checkouts=8 gucWrites=0
 POST /api/auth/login 200 in 905ms (next.js: 7ms, proxy.ts: 5ms, application-code: 893ms)
[q626-count] installed pid=8100
Browserslist: browsers data (caniuse-lite) is 7 months old. Please run:
  npx update-browserslist-db@latest
  Why you should do it regularly: https://github.com/browserslist/update-db#readme
○ Compiling /dashboard ...
[q626-count] pid=15364 checkouts=9 gucWrites=1
 GET /dashboard 200 in 11.1s (next.js: 8.7s, proxy.ts: 128ms, application-code: 2.2s)
[q626-count] pid=15364 checkouts=11 gucWrites=1
[q626-count] pid=15364 checkouts=12 gucWrites=1
 GET /carrier/dashboard 200 in 3.3s (next.js: 1460ms, proxy.ts: 106ms, application-code: 1700ms)
[q620-hook] control pid=8100 callerSaw=T-C-0-0-1 hookRecorded=true Q620_HOOK_CONTROL=PASS
[q626-count] pid=15364 checkouts=17 gucWrites=1
 GET /carrier/trips 200 in 3.9s (next.js: 2.4s, proxy.ts: 106ms, application-code: 1379ms)
[q626-count] pid=15364 checkouts=19 gucWrites=1
 GET /carrier/loads 200 in 2.2s (next.js: 1390ms, proxy.ts: 94ms, application-code: 734ms)
[q626-count] pid=15364 checkouts=22 gucWrites=1
 GET /carrier/clients 200 in 2.7s (next.js: 1539ms, proxy.ts: 208ms, application-code: 933ms)
[q626-count] pid=15364 checkouts=24 gucWrites=1
[q626-count] pid=15364 checkouts=27 gucWrites=1
 GET /carrier/contracts 200 in 2.4s (next.js: 1525ms, proxy.ts: 88ms, application-code: 788ms)
[q626-count] pid=15364 checkouts=28 gucWrites=1
[q626-count] pid=15364 checkouts=31 gucWrites=1
 GET /carrier/facilities 200 in 2.3s (next.js: 1513ms, proxy.ts: 109ms, application-code: 702ms)
[q626-count] pid=15364 checkouts=33 gucWrites=1
 GET /carrier/templates 200 in 2.3s (next.js: 1512ms, proxy.ts: 195ms, application-code: 609ms)
[q626-count] pid=15364 checkouts=35 gucWrites=1
 GET /carrier/imports 200 in 2.7s (next.js: 1678ms, proxy.ts: 104ms, application-code: 874ms)
[q626-count] pid=15364 checkouts=36 gucWrites=1
 GET /carrier/messages 200 in 2.2s (next.js: 1463ms, proxy.ts: 108ms, application-code: 600ms)
[q626-count] pid=15364 checkouts=38 gucWrites=1
 GET /drivers 200 in 2.6s (next.js: 1803ms, proxy.ts: 104ms, application-code: 718ms)
[q626-count] pid=15364 checkouts=39 gucWrites=1
[q626-count] pid=15364 checkouts=41 gucWrites=1
[q626-count] pid=15364 checkouts=45 gucWrites=1
 GET /trucks 200 in 2.7s (next.js: 1740ms, proxy.ts: 101ms, application-code: 866ms)
[q626-count] pid=15364 checkouts=49 gucWrites=1
[q626-count] pid=15364 checkouts=52 gucWrites=1
 GET /loads 200 in 2.7s (next.js: 1574ms, proxy.ts: 116ms, application-code: 1007ms)
[q626-count] pid=15364 checkouts=54 gucWrites=1
 GET /routes 200 in 2.4s (next.js: 1577ms, proxy.ts: 96ms, application-code: 771ms)
[q626-count] pid=15364 checkouts=56 gucWrites=1
[q626-count] pid=15364 checkouts=60 gucWrites=1
 GET /invoices 200 in 2.5s (next.js: 1573ms, proxy.ts: 99ms, application-code: 843ms)
[q626-count] pid=15364 checkouts=61 gucWrites=1
[q626-count] pid=15364 checkouts=65 gucWrites=1
 GET /payroll 200 in 2.3s (next.js: 1504ms, proxy.ts: 107ms, application-code: 647ms)
[q626-count] pid=15364 checkouts=65 gucWrites=2
[q626-count] pid=15364 checkouts=65 gucWrites=3
[q626-count] pid=15364 checkouts=71 gucWrites=3
[q626-count] pid=15364 checkouts=71 gucWrites=4
 GET /crm 200 in 3.7s (next.js: 2.1s, proxy.ts: 107ms, application-code: 1462ms)
[q626-count] pid=15364 checkouts=73 gucWrites=4
 GET /compliance 200 in 2.7s (next.js: 1544ms, proxy.ts: 94ms, application-code: 1048ms)
[q626-count] pid=15364 checkouts=77 gucWrites=4
[q626-count] pid=15364 checkouts=79 gucWrites=4
[q626-count] pid=15364 checkouts=81 gucWrites=4
 GET /live-map 200 in 3.7s (next.js: 2.2s, proxy.ts: 99ms, application-code: 1477ms)
[q626-count] pid=15364 checkouts=84 gucWrites=5
 GET /settings/operations 200 in 2.1s (next.js: 1156ms, proxy.ts: 95ms, application-code: 879ms)
[q626-count] pid=15364 checkouts=86 gucWrites=5
[q626-count] pid=15364 checkouts=88 gucWrites=5
 GET /support 200 in 2.8s (next.js: 1762ms, proxy.ts: 126ms, application-code: 935ms)
[q626-count] pid=15364 checkouts=90 gucWrites=5
[q626-count] pid=15364 checkouts=94 gucWrites=5
[q626-count] pid=15364 checkouts=95 gucWrites=5
[q626-count] pid=15364 checkouts=99 gucWrites=5
[q626-count] pid=15364 checkouts=99 gucWrites=6
Only plain objects can be passed to Client Components from Server Components. Decimal objects are not supported.
  {id: ..., orgId: ..., dispatchId: ..., contractId: ..., clientId: ..., loadType: ..., referenceNumber: ..., bolNumber: ..., proNumber: ..., poNumber: ..., commodityDescription: ..., commodityWeightLbs: ..., commodityPieces: ..., commodityPallets: ..., hazmat: ..., hazmatClass: ..., rateType: ..., rateAmount: Decimal, currency: ..., brokerFlag: ..., carrierCost: ..., fuelSurcharge: ..., detentionAmount: ..., otherCharges: ..., totalRevenue: ..., status: ..., isSample: ..., specialInstructions: ..., notes: ..., pendingStopsJson: ..., totalMiles: ..., loadedMiles: ..., mileageSource: ..., createdById: ..., updatedById: ..., deletedAt: ..., deletedById: ..., createdAt: ..., updatedAt: ..., client: ...}
                                                                                                                                                                                                                                                                                                                        ^^^^^^^
 GET /home 200 in 7.1s (next.js: 2.5s, proxy.ts: 117ms, application-code: 4.4s)
[q626-count] pid=15364 checkouts=99 gucWrites=7
[q626-count] pid=15364 checkouts=100 gucWrites=7
Only plain objects can be passed to Client Components from Server Components. Decimal objects are not supported.
  {id: ..., orgId: ..., dispatchId: ..., contractId: ..., clientId: ..., loadType: ..., referenceNumber: ..., bolNumber: ..., proNumber: ..., poNumber: ..., commodityDescription: ..., commodityWeightLbs: ..., commodityPieces: ..., commodityPallets: ..., hazmat: ..., hazmatClass: ..., rateType: ..., rateAmount: Decimal, currency: ..., brokerFlag: ..., carrierCost: ..., fuelSurcharge: ..., detentionAmount: ..., otherCharges: ..., totalRevenue: ..., status: ..., isSample: ..., specialInstructions: ..., notes: ..., pendingStopsJson: ..., totalMiles: ..., loadedMiles: ..., mileageSource: ..., createdById: ..., updatedById: ..., deletedAt: ..., deletedById: ..., createdAt: ..., updatedAt: ..., client: ..., stops: ...}
                                                                                                                                                                                                                                                                                                                        ^^^^^^^
 GET /my-load 200 in 3.0s (next.js: 1895ms, proxy.ts: 283ms, application-code: 870ms)
[q626-count] pid=15364 checkouts=102 gucWrites=7
Only plain objects can be passed to Client Components from Server Components. Decimal objects are not supported.
  {id: ..., orgId: ..., dispatchId: ..., contractId: ..., clientId: ..., loadType: ..., referenceNumber: ..., bolNumber: ..., proNumber: ..., poNumber: ..., commodityDescription: ..., commodityWeightLbs: ..., commodityPieces: ..., commodityPallets: ..., hazmat: ..., hazmatClass: ..., rateType: ..., rateAmount: Decimal, currency: ..., brokerFlag: ..., carrierCost: ..., fuelSurcharge: ..., detentionAmount: ..., otherCharges: ..., totalRevenue: ..., status: ..., isSample: ..., specialInstructions: ..., notes: ..., pendingStopsJson: ..., totalMiles: ..., loadedMiles: ..., mileageSource: ..., createdById: ..., updatedById: ..., deletedAt: ..., deletedById: ..., createdAt: ..., updatedAt: ..., client: ...}
                                                                                                                                                                                                                                                                                                                        ^^^^^^^
 GET /my-route 200 in 4.2s (next.js: 1756ms, proxy.ts: 121ms, application-code: 2.3s)
 GET /documents 200 in 1990ms (next.js: 1649ms, proxy.ts: 106ms, application-code: 235ms)
[q626-count] pid=15364 checkouts=103 gucWrites=7
 GET /hours 200 in 1746ms (next.js: 1351ms, proxy.ts: 92ms, application-code: 304ms)
[q626-count] pid=15364 checkouts=104 gucWrites=7
[2026-09-16T23:09:30.603Z] INFO: [admin-db] privileged query {"reason":"auto-close stale ticket sweep"}
[q626-count] pid=15364 checkouts=105 gucWrites=7
 GET /api/cron/auto-close-tickets 200 in 2.5s (next.js: 2.1s, proxy.ts: 18ms, application-code: 458ms)
[cron/automations] Starting evaluator run
[2026-09-16T23:09:34.035Z] INFO: [admin-db] privileged query {"reason":"automation cron candidate sweep"}
[2026-09-16T23:09:34.036Z] INFO: [admin-db] privileged query {"reason":"automation cron candidate sweep"}
[cron] Rule 'no_progress_nudge' — 0 candidate tenant(s)
[2026-09-16T23:09:34.178Z] INFO: [admin-db] privileged query {"reason":"automation cron candidate sweep"}
[cron] Rule 'add_driver_nudge' — 0 candidate tenant(s)
[2026-09-16T23:09:34.318Z] INFO: [admin-db] privileged query {"reason":"automation cron candidate sweep"}
[cron] Rule 'dispatch_load_nudge' — 0 candidate tenant(s)
[2026-09-16T23:09:34.455Z] INFO: [admin-db] privileged query {"reason":"automation cron candidate sweep"}
[cron] Rule 'trial_ending_soon' — 0 candidate tenant(s)
[2026-09-16T23:09:34.587Z] INFO: [admin-db] privileged query {"reason":"automation evaluator scan"}
[evaluator] Path 1 — found 1 AppEvent(s) in last 30 days
[evaluator] Path 2 — found 0 due PENDING run(s)
[evaluator] Done — pendingCreated=0 executed=0 failed=0
[cron/automations] Complete {
  pendingCreated: 0,
  executed: 0,
  failed: 0,
  failureCount: 0,
  failures: []
}
 GET /api/cron/automations 200 in 2.3s (next.js: 1436ms, proxy.ts: 7ms, application-code: 868ms)
[q626-count] pid=15364 checkouts=117 gucWrites=7
[2026-09-16T23:09:37.841Z] INFO: [CRON] carrier-auto-dispatch: Starting nightly dispatch generation
[2026-09-16T23:09:37.842Z] INFO: [admin-db] privileged query {"reason":"auto-dispatch generation tenant sweep"}
[2026-09-16T23:09:37.917Z] INFO: [CRON] carrier-auto-dispatch: Found 2 active tenant(s)
[q626-count] pid=15364 checkouts=119 gucWrites=7
[q626-count] pid=15364 checkouts=119 gucWrites=8
[2026-09-16T23:09:38.653Z] INFO: [CRON] carrier-auto-dispatch: Completed {"orgs_processed":0,"total_dispatches_created":0,"total_loads_created":0,"total_stops_created":0,"total_errors":0,"details":[],"failureCount":0,"failures":[]}
 GET /api/cron/carrier-auto-dispatch 200 in 1944ms (next.js: 1112ms, proxy.ts: 8ms, application-code: 824ms)
[q626-count] pid=15364 checkouts=120 gucWrites=9
[2026-09-16T23:09:41.440Z] INFO: [CRON] carrier-compliance-alerts: Starting daily compliance check
[2026-09-16T23:09:41.441Z] INFO: [admin-db] privileged query {"reason":"compliance alert tenant sweep"}
[2026-09-16T23:09:41.503Z] INFO: [CRON] carrier-compliance-alerts: Found 2 active tenant(s)
[2026-09-16T23:09:41.951Z] INFO: [CRON] carrier-compliance-alerts: Tenant Staging Beta Logistics (8c6136c4-eb7b-4a89-a524-d1d0e2c8d045) — 0 alert(s) found
[2026-09-16T23:09:42.361Z] INFO: [CRON] carrier-compliance-alerts: Tenant Staging Alpha Carriers (b5623cdd-dc19-4900-b75d-0ecfcaf191b8) — 0 alert(s) found
[2026-09-16T23:09:42.362Z] INFO: [CRON] carrier-compliance-alerts: Completed {"orgs_processed":2,"total_alerts_found":0,"failureCount":0,"failures":[]}
 GET /api/cron/carrier-compliance-alerts 200 in 2.0s (next.js: 1069ms, proxy.ts: 6ms, application-code: 930ms)
[q626-count] pid=15364 checkouts=131 gucWrites=11
[2026-09-16T23:09:45.155Z] INFO: [CRON] cleanup-quarantine: Starting
[2026-09-16T23:09:48.927Z] INFO: [CRON] cleanup-quarantine: Completed {"success":true,"scanned":0,"deleted":0,"errors":0,"failureCount":0,"failures":[]}
 GET /api/cron/cleanup-quarantine 200 in 4.8s (next.js: 1044ms, proxy.ts: 7ms, application-code: 3.8s)
[2026-09-16T23:09:52.271Z] INFO: [CRON] digest-compliance-30day: Starting 30-day compliance digest
[2026-09-16T23:09:52.271Z] INFO: [admin-db] privileged query {"reason":"compliance digest tenant sweep"}
[q626-count] pid=15364 checkouts=132 gucWrites=11
[2026-09-16T23:09:52.632Z] INFO: [CRON] digest-compliance-30day: Found 2 active tenant(s)
[q626-count] pid=15364 checkouts=133 gucWrites=12
[2026-09-16T23:09:54.300Z] INFO: [CRON] digest-compliance-30day: Completed {"success":true,"processedTenants":2,"sent":0,"skipped":3,"failed":0,"failureCount":0,"failures":[]}
 GET /api/cron/digest-compliance-30day 200 in 3.8s (next.js: 1712ms, proxy.ts: 6ms, application-code: 2.0s)
[q626-count] pid=15364 checkouts=149 gucWrites=13
[2026-09-16T23:09:56.798Z] INFO: [CRON] digest-daily-driver: Starting daily driver digest
[2026-09-16T23:09:56.799Z] INFO: [admin-db] privileged query {"reason":"daily driver digest tenant sweep"}
[2026-09-16T23:09:56.868Z] INFO: [CRON] digest-daily-driver: Found 2 active tenant(s)
[2026-09-16T23:09:58.157Z] INFO: [CRON] digest-daily-driver: Completed {"success":true,"processedTenants":2,"sent":0,"skipped":5,"failed":0,"failureCount":0,"failures":[]}
 GET /api/cron/digest-daily-driver 200 in 2.2s (next.js: 831ms, proxy.ts: 7ms, application-code: 1378ms)
[q626-count] pid=15364 checkouts=167 gucWrites=15
[2026-09-16T23:10:01.644Z] INFO: [CRON] digest-weekly-owner: Starting weekly owner digest
[2026-09-16T23:10:01.645Z] INFO: [admin-db] privileged query {"reason":"weekly owner digest tenant sweep"}
[2026-09-16T23:10:01.712Z] INFO: [CRON] digest-weekly-owner: Found 2 active tenant(s)
[2026-09-16T23:10:02.419Z] INFO: [CRON] digest-weekly-owner: Completed {"success":true,"processedTenants":2,"sent":0,"skipped":3,"failed":0,"failureCount":0,"failures":[]}
 GET /api/cron/digest-weekly-owner 200 in 2.6s (next.js: 1840ms, proxy.ts: 5ms, application-code: 797ms)
[q626-count] pid=15364 checkouts=176 gucWrites=17
[2026-09-16T23:10:04.667Z] INFO: [admin-db] privileged query {"reason":"overdue invoice sweep"}
[2026-09-16T23:10:04.875Z] INFO: [CRON] mark-overdue-invoices: Marked 0 invoice(s) overdue
 GET /api/cron/mark-overdue-invoices 200 in 720ms (next.js: 488ms, proxy.ts: 5ms, application-code: 227ms)
[q626-count] pid=15364 checkouts=177 gucWrites=17
[2026-09-16T23:10:07.692Z] INFO: [CRON] purge-deleted: Starting
[2026-09-16T23:10:07.693Z] INFO: [admin-db] privileged query {"reason":"soft-delete purge tenant sweep"}
[2026-09-16T23:10:07.757Z] INFO: [CRON] purge-deleted: 2 active tenant(s)
[2026-09-16T23:10:08.887Z] INFO: [CRON] purge-deleted: Completed {"totalPurged":0,"tenantsProcessed":2,"tenantsFound":2,"results":{"CarrierLoad":0,"Trip":0,"CarrierContract":0,"CarrierClient":0,"CarrierDriver":0,"CarrierTruck":0,"Route":0},"failureCount":0,"failures":[]}
 GET /api/cron/purge-deleted 200 in 2.1s (next.js: 899ms, proxy.ts: 33ms, application-code: 1205ms)
[q626-count] pid=15364 checkouts=192 gucWrites=19
[2026-09-16T23:10:11.792Z] INFO: [CRON] send-reminders: Starting daily reminder processing
[2026-09-16T23:10:11.792Z] INFO: [admin-db] privileged query {"reason":"reminders cron tenant sweep"}
[2026-09-16T23:10:11.859Z] INFO: [CRON] send-reminders: Found 2 active tenant(s)
[2026-09-16T23:10:11.860Z] INFO: [CRON] send-reminders: Processing tenant Staging Beta Logistics (8c6136c4-eb7b-4a89-a524-d1d0e2c8d045)
[2026-09-16T23:10:12.273Z] INFO: [CRON] send-reminders: Found 0 upcoming maintenance item(s)
[2026-09-16T23:10:12.273Z] INFO: [CRON] send-reminders: Found 0 expiring document(s)
[2026-09-16T23:10:12.273Z] INFO: [CRON] send-reminders: Found 0 expiring driver document(s)
[2026-09-16T23:10:12.273Z] INFO: [CRON] send-reminders: Processing tenant Staging Alpha Carriers (b5623cdd-dc19-4900-b75d-0ecfcaf191b8)
[2026-09-16T23:10:12.666Z] INFO: [CRON] send-reminders: Found 0 upcoming maintenance item(s)
[2026-09-16T23:10:12.666Z] INFO: [CRON] send-reminders: Found 0 expiring document(s)
[2026-09-16T23:10:12.666Z] INFO: [CRON] send-reminders: Found 0 expiring driver document(s)
[2026-09-16T23:10:12.666Z] INFO: [CRON] send-reminders: Completed {"success":true,"processedTenants":2,"tenantsFound":2,"maintenance":{"sent":0,"skipped":0,"failed":0},"documents":{"sent":0,"skipped":0,"failed":0},"driverDocuments":{"sent":0,"skipped":0,"failed":0},"failureCount":0,"failures":[]}
 GET /api/cron/send-reminders 200 in 1971ms (next.js: 1075ms, proxy.ts: 4ms, application-code: 892ms)
[q626-count] pid=15364 checkouts=203 gucWrites=21
[2026-09-16T23:10:15.189Z] INFO: [admin-db] privileged query {"reason":"trip reminder tenant sweep"}
[2026-09-16T23:10:16.063Z] INFO: [CRON] trip-reminders: done {"tenantsProcessed":2,"tenantsFailed":0,"remindersSent":0,"failureCount":0,"failures":[]}
 GET /api/cron/trip-reminders 200 in 1662ms (next.js: 764ms, proxy.ts: 5ms, application-code: 893ms)
[q626-count] pid=15364 checkouts=214 gucWrites=23
[2026-09-16T23:10:19.112Z] INFO: [CRON] workflow-digest: Starting daily digest sweep
[2026-09-16T23:10:19.113Z] INFO: [admin-db] privileged query {"reason":"workflow digest active-tenant sweep"}
[2026-09-16T23:10:19.184Z] INFO: [CRON] workflow-digest: 0 tenant(s) with active instances
[2026-09-16T23:10:19.185Z] INFO: [CRON] workflow-digest: Complete {"tenantsSent":0,"tenantsSkipped":0,"tenantsErrored":0,"failureCount":0,"failures":[]}
 GET /api/cron/workflow-digest 200 in 1362ms (next.js: 1253ms, proxy.ts: 5ms, application-code: 104ms)
[q626-count] pid=15364 checkouts=215 gucWrites=23
[2026-09-16T23:10:21.935Z] INFO: [CRON] workflow-notifications: Starting sweep
[2026-09-16T23:10:21.935Z] INFO: [admin-db] privileged query {"reason":"workflow overdue-step sweep"}
[2026-09-16T23:10:22.061Z] INFO: [CRON] workflow-notifications: Found 0 overdue step(s)
[2026-09-16T23:10:22.062Z] INFO: [admin-db] privileged query {"reason":"workflow blocked-instance sweep"}
[2026-09-16T23:10:22.139Z] INFO: [CRON] workflow-notifications: Found 0 instance(s) blocked >48h needing email escalation
[2026-09-16T23:10:22.139Z] INFO: [CRON] workflow-notifications: Completed {"stats":{"overdueSent":0,"overdueErrors":0,"blockedEmailsSent":0,"blockedEmailErrors":0,"sweepsFailed":0},"failureCount":0,"failures":[]}
 GET /api/cron/workflow-notifications 200 in 1212ms (next.js: 986ms, proxy.ts: 6ms, application-code: 219ms)
[q626-count] pid=15364 checkouts=218 gucWrites=23
[2026-09-16T23:10:24.548Z] INFO: [WARMUP] Pinged successfully
 GET /api/warmup 200 in 605ms (next.js: 531ms, proxy.ts: 2ms, application-code: 71ms)
[q626-count] pid=15364 checkouts=219 gucWrites=23
[q626-count] pid=15364 checkouts=220 gucWrites=23
[q626-count] pid=15364 checkouts=221 gucWrites=23
[q626-count] pid=15364 checkouts=222 gucWrites=23
 POST /api/auth/login 200 in 1041ms (next.js: 14ms, proxy.ts: 6ms, application-code: 1020ms)
[q626-count] pid=15364 checkouts=223 gucWrites=23
[q626-count] pid=15364 checkouts=224 gucWrites=23
 POST /api/auth/login 200 in 675ms (next.js: 7ms, proxy.ts: 3ms, application-code: 665ms)
[q626-count] pid=15364 checkouts=226 gucWrites=23
[q626-count] pid=15364 checkouts=227 gucWrites=23
 POST /api/auth/login 200 in 934ms (next.js: 11ms, proxy.ts: 7ms, application-code: 915ms)
[q626-count] pid=15364 checkouts=228 gucWrites=23
 POST /api/auth/login 200 in 429ms (next.js: 10ms, proxy.ts: 7ms, application-code: 412ms)
○ Compiling /carrier/driver-pay/settlements ...
[q626-count] pid=15364 checkouts=231 gucWrites=24
 GET /carrier/driver-pay/settlements 200 in 5.3s (next.js: 4.0s, proxy.ts: 100ms, application-code: 1140ms)
[q626-count] pid=15364 checkouts=233 gucWrites=24
[q626-count] pid=15364 checkouts=234 gucWrites=24
 GET /carrier/driver-pay/pending 200 in 2.3s (next.js: 1589ms, proxy.ts: 173ms, application-code: 570ms)
○ Compiling /carrier/driver-pay/reports ...
[q626-count] pid=15364 checkouts=239 gucWrites=24
 GET /carrier/driver-pay/reports 200 in 5.0s (next.js: 3.8s, proxy.ts: 120ms, application-code: 1089ms)
 GET /carrier/driver-pay 404 in 2.6s (next.js: 2.4s, proxy.ts: 95ms, application-code: 38ms)
 GET /carrier/reports 404 in 447ms (next.js: 49ms, proxy.ts: 301ms, application-code: 97ms)
[q626-count] pid=15364 checkouts=240 gucWrites=24
 GET /carrier/reports/aging 200 in 2.2s (next.js: 1455ms, proxy.ts: 209ms, application-code: 576ms)
[q626-count] pid=15364 checkouts=241 gucWrites=24
 GET /carrier/reports/performance 200 in 3.2s (next.js: 2.4s, proxy.ts: 152ms, application-code: 649ms)
[q626-count] pid=15364 checkouts=242 gucWrites=24
 GET /carrier/reports/revenue 200 in 2.9s (next.js: 2.2s, proxy.ts: 115ms, application-code: 631ms)
[q626-count] pid=15364 checkouts=243 gucWrites=24
 GET /carrier/reports/todays-trips 200 in 2.7s (next.js: 1982ms, proxy.ts: 115ms, application-code: 626ms)
[q626-count] pid=15364 checkouts=244 gucWrites=24
 GET /checklists 200 in 2.6s (next.js: 1869ms, proxy.ts: 112ms, application-code: 591ms)
 GET /checklists/playbooks 404 in 299ms (next.js: 31ms, proxy.ts: 109ms, application-code: 159ms)
 GET /checklists/instances 404 in 190ms (next.js: 27ms, proxy.ts: 101ms, application-code: 62ms)
[q626-count] pid=15364 checkouts=245 gucWrites=24
 GET /checklists/analytics 200 in 2.1s (next.js: 1422ms, proxy.ts: 98ms, application-code: 585ms)
[q626-count] pid=15364 checkouts=246 gucWrites=24
 GET /checklists/automation 200 in 2.9s (next.js: 2.2s, proxy.ts: 159ms, application-code: 550ms)
[q626-count] pid=15364 checkouts=252 gucWrites=24
[q626-count] pid=15364 checkouts=261 gucWrites=24
 GET /settings/notifications 200 in 4.2s (next.js: 2.4s, proxy.ts: 129ms, application-code: 1700ms)
○ Compiling /automations ...
[2026-09-16T23:11:42.104Z] INFO: [admin-db] privileged query {"reason":"sysadmin automation rule listing"}
[q626-count] pid=15364 checkouts=262 gucWrites=24
 GET /automations 200 in 4.3s (next.js: 3.4s, proxy.ts: 134ms, application-code: 756ms)
○ Compiling /admin-dashboard ...
[2026-09-16T23:11:47.864Z] INFO: [admin-db] privileged query {"reason":"sysadmin platform metrics"}
[q626-count] pid=15364 checkouts=266 gucWrites=24
 GET /admin-dashboard 200 in 4.2s (next.js: 3.3s, proxy.ts: 123ms, application-code: 795ms)
[2026-09-16T23:11:53.126Z] INFO: [admin-db] privileged query {"reason":"sysadmin invoice management"}
 GET /billing 200 in 3.4s (next.js: 2.7s, proxy.ts: 111ms, application-code: 507ms)
[q626-count] pid=15364 checkouts=268 gucWrites=24
[q626-count] pid=15364 checkouts=269 gucWrites=24
 GET /plans 200 in 3.5s (next.js: 2.5s, proxy.ts: 124ms, application-code: 820ms)
○ Compiling /notifications ...
[2026-09-16T23:12:04.367Z] INFO: [admin-db] privileged query {"reason":"sysadmin notification send log listing"}
[2026-09-16T23:12:04.368Z] INFO: [admin-db] privileged query {"reason":"sysadmin notification delivery statistics"}
[q626-count] pid=15364 checkouts=280 gucWrites=24
 GET /notifications 200 in 5.6s (next.js: 3.9s, proxy.ts: 138ms, application-code: 1581ms)
[2026-09-16T23:12:10.534Z] INFO: [admin-db] privileged query {"reason":"sysadmin ticket listing"}
[2026-09-16T23:12:10.614Z] INFO: [admin-db] privileged query {"reason":"sysadmin tenant listing"}
[q626-count] pid=15364 checkouts=282 gucWrites=24
 GET /admin-support 200 in 3.7s (next.js: 2.8s, proxy.ts: 236ms, application-code: 616ms)
○ Compiling /track/[token] ...
[q626-count] installed pid=18796
[2026-09-16T23:12:17.881Z] INFO: [admin-db] privileged query {"reason":"public shipment tracking lookup"}
[q626-count] pid=15364 checkouts=283 gucWrites=24
[q620-hook] control pid=18796 callerSaw=T-C-0-0-1 hookRecorded=true Q620_HOOK_CONTROL=PASS
 GET /track/604-probe-no-seeded-token 404 in 6.0s (next.js: 5.3s, proxy.ts: 27ms, application-code: 695ms)
○ Compiling /sign-up/[[...sign-up]] ...
[q626-count] installed pid=4416
 GET /sign-up 200 in 6.3s (next.js: 6.0s, proxy.ts: 8ms, application-code: 333ms)
[q620-hook] control pid=4416 callerSaw=T-C-0-0-1 hookRecorded=true Q620_HOOK_CONTROL=PASS
 GET /onboarding 307 in 2.6s (next.js: 2.1s, proxy.ts: 222ms, application-code: 250ms)
○ Compiling /onboarding/welcome ...
[q626-count] pid=15364 checkouts=284 gucWrites=24
[welcome] tenantId: b5623cdd-dc19-4900-b75d-0ecfcaf191b8 phase: HYDRATED
[hydrateTenant] starting for tenantId: b5623cdd-dc19-4900-b75d-0ecfcaf191b8
[q626-count] pid=15364 checkouts=285 gucWrites=24
[hydrateTenant] already HYDRATED, skipping
[q626-count] pid=15364 checkouts=286 gucWrites=24
 GET /onboarding/welcome 200 in 6.3s (next.js: 4.0s, proxy.ts: 6ms, application-code: 2.3s)
○ Compiling /api/mobile/driver/dashboard ...
[q626-count] pid=15364 checkouts=287 gucWrites=25
 GET /api/mobile/driver/dashboard 200 in 4.1s (next.js: 3.2s, proxy.ts: 9ms, application-code: 812ms)
 GET /api/mobile/driver/documents 200 in 1351ms (next.js: 1018ms, proxy.ts: 4ms, application-code: 329ms)
[q626-count] pid=15364 checkouts=288 gucWrites=25
 GET /api/mobile/driver/hos 200 in 2.1s (next.js: 1746ms, proxy.ts: 12ms, application-code: 337ms)
[q626-count] pid=15364 checkouts=289 gucWrites=25
 GET /api/mobile/driver/incidents 200 in 1705ms (next.js: 1374ms, proxy.ts: 6ms, application-code: 325ms)
[q626-count] pid=15364 checkouts=290 gucWrites=25
[q626-count] pid=15364 checkouts=291 gucWrites=25
 GET /api/mobile/driver/loads 200 in 2.4s (next.js: 1857ms, proxy.ts: 26ms, application-code: 548ms)
[q626-count] pid=15364 checkouts=292 gucWrites=25
[2026-09-16T23:13:04.642Z] ERROR: [withMobileAuth] handler error: Error [PrismaClientKnownRequestError]: 
Invalid `prisma.fleetMessage.findMany()` invocation:


The column `(not available)` does not exist in the current database.
    at zr.handleRequestError (src\generated\prisma\runtime\client.js:69:8172)
    at zr.handleAndLogRequestError (src\generated\prisma\runtime\client.js:69:7467)
    at zr.request (src\generated\prisma\runtime\client.js:69:7174)
    at async a (src\generated\prisma\runtime\client.js:79:5816)
    at async (src\app\api\mobile\driver\messages\route.ts:43:27)
    at async Proxy._transactionWithCallback (src\generated\prisma\runtime\client.js:79:4390)
    at async GET.allowedRoles (src\app\api\mobile\driver\messages\route.ts:32:38)
    at async (src\lib\api\with-mobile-auth.ts:74:14)
  67 | ...
  68 | ...
> 69 | ...t u=s?{modelName:s,...t.meta}:t.meta;throw new w.PrismaClientKnownRequestError(l,{code:...
     |                                               ^
  70 | ...
  71 | ...
  72 | ... {
  code: 'P2022',
  meta: {
    modelName: 'FleetMessage',
    driverAdapterError: Error [DriverAdapterError]: ColumnNotFound
        at async e.interpretNode (src\generated\prisma\runtime\client.js:15:43522)
        at async e.interpretNode (src\generated\prisma\runtime\client.js:15:45151)
        at async e.run (src\generated\prisma\runtime\client.js:15:42242)
        at async e.execute (src\generated\prisma\runtime\client.js:61:815)
        at async qt.request (src\generated\prisma\runtime\client.js:62:2327)
        at async Object.singleLoader (src\generated\prisma\runtime\client.js:69:6569)
      13 | ...
      14 | ...
    > 15 | ...r(let o of n){let s=Sa(o,r.sqlCommenter),a=await this.#l(s,r.queryable,()=>r.queryable....
         |                                               ^
      16 | ...
      17 | ...
      18 | ... {
      [cause]: [Object]
    }
  },
  clientVersion: '7.6.0'
}
 GET /api/mobile/driver/messages 500 in 1970ms (next.js: 1229ms, proxy.ts: 4ms, application-code: 737ms)
 GET /api/mobile/driver/messages/route-thread 400 in 1169ms (next.js: 1025ms, proxy.ts: 7ms, application-code: 137ms)
[q626-count] pid=15364 checkouts=293 gucWrites=25
 GET /api/mobile/driver/messages/unread-count 200 in 1533ms (next.js: 1124ms, proxy.ts: 7ms, application-code: 401ms)
[q626-count] pid=15364 checkouts=294 gucWrites=25
 GET /api/mobile/driver/route 200 in 1608ms (next.js: 1147ms, proxy.ts: 14ms, application-code: 447ms)
[q626-count] pid=15364 checkouts=295 gucWrites=25
 GET /api/mobile/driver/tasks 200 in 1514ms (next.js: 1126ms, proxy.ts: 9ms, application-code: 380ms)
 GET /api/mobile/driver/tracking-token 200 in 1348ms (next.js: 960ms, proxy.ts: 9ms, application-code: 379ms)
[q626-count] pid=15364 checkouts=296 gucWrites=25
[q626-count] pid=15364 checkouts=297 gucWrites=25
 GET /api/mobile/owner/compliance 200 in 2.1s (next.js: 1595ms, proxy.ts: 14ms, application-code: 506ms)
[q626-count] pid=15364 checkouts=298 gucWrites=25
 GET /api/mobile/owner/crm 200 in 1629ms (next.js: 995ms, proxy.ts: 5ms, application-code: 629ms)
 GET /api/mobile/owner/customers 200 in 1440ms (next.js: 1085ms, proxy.ts: 3ms, application-code: 352ms)
[q626-count] pid=15364 checkouts=299 gucWrites=25
[q626-count] pid=15364 checkouts=300 gucWrites=25
 GET /api/mobile/owner/dashboard 200 in 2.0s (next.js: 974ms, proxy.ts: 6ms, application-code: 1060ms)
[q626-count] pid=15364 checkouts=301 gucWrites=25
[2026-09-16T23:13:37.040Z] ERROR: [withMobileAuth] handler error: Error [PrismaClientKnownRequestError]: 
Invalid `prisma.driverInvitation.findMany()` invocation:


The column `(not available)` does not exist in the current database.
    at zr.handleRequestError (src\generated\prisma\runtime\client.js:69:8172)
    at zr.handleAndLogRequestError (src\generated\prisma\runtime\client.js:69:7467)
    at zr.request (src\generated\prisma\runtime\client.js:69:7174)
    at async a (src\generated\prisma\runtime\client.js:79:5816)
    at async (src\app\api\mobile\owner\drivers\route.ts:106:27)
    at async Proxy._transactionWithCallback (src\generated\prisma\runtime\client.js:79:4390)
    at async GET.allowedRoles (src\app\api\mobile\owner\drivers\route.ts:64:38)
    at async (src\lib\api\with-mobile-auth.ts:74:14)
  67 | ...
  68 | ...
> 69 | ...t u=s?{modelName:s,...t.meta}:t.meta;throw new w.PrismaClientKnownRequestError(l,{code:...
     |                                               ^
  70 | ...
  71 | ...
  72 | ... {
  code: 'P2022',
  meta: {
    modelName: 'DriverInvitation',
    driverAdapterError: Error [DriverAdapterError]: ColumnNotFound
        at async e.interpretNode (src\generated\prisma\runtime\client.js:15:43522)
        at async e.interpretNode (src\generated\prisma\runtime\client.js:15:45151)
        at async e.run (src\generated\prisma\runtime\client.js:15:42242)
        at async e.execute (src\generated\prisma\runtime\client.js:61:815)
        at async qt.request (src\generated\prisma\runtime\client.js:62:2327)
        at async Object.singleLoader (src\generated\prisma\runtime\client.js:69:6569)
      13 | ...
      14 | ...
    > 15 | ...r(let o of n){let s=Sa(o,r.sqlCommenter),a=await this.#l(s,r.queryable,()=>r.queryable....
         |                                               ^
      16 | ...
      17 | ...
      18 | ... {
      [cause]: [Object]
    }
  },
  clientVersion: '7.6.0'
}
 GET /api/mobile/owner/drivers 500 in 2.0s (next.js: 1136ms, proxy.ts: 10ms, application-code: 861ms)
 GET /api/mobile/owner/drivers/active 200 in 1147ms (next.js: 776ms, proxy.ts: 11ms, application-code: 360ms)
[q626-count] pid=15364 checkouts=302 gucWrites=25
 GET /api/mobile/owner/fleet-positions 200 in 1711ms (next.js: 1340ms, proxy.ts: 50ms, application-code: 321ms)
[q626-count] pid=15364 checkouts=303 gucWrites=25
[2026-09-16T23:13:46.666Z] ERROR: [mobile/owner/fleet/messages GET] error: Error [PrismaClientKnownRequestError]: 
Invalid `prisma.fleetMessage.findMany()` invocation:


The column `(not available)` does not exist in the current database.
    at zr.handleRequestError (src\generated\prisma\runtime\client.js:69:8172)
    at zr.handleAndLogRequestError (src\generated\prisma\runtime\client.js:69:7467)
    at zr.request (src\generated\prisma\runtime\client.js:69:7174)
    at async a (src\generated\prisma\runtime\client.js:79:5816)
    at async (src\app\api\mobile\owner\fleet\messages\route.ts:46:27)
    at async Proxy._transactionWithCallback (src\generated\prisma\runtime\client.js:79:4390)
    at async GET (src\app\api\mobile\owner\fleet\messages\route.ts:45:38)
  67 | ...
  68 | ...
> 69 | ...t u=s?{modelName:s,...t.meta}:t.meta;throw new w.PrismaClientKnownRequestError(l,{code:...
     |                                               ^
  70 | ...
  71 | ...
  72 | ... {
  code: 'P2022',
  meta: {
    modelName: 'FleetMessage',
    driverAdapterError: Error [DriverAdapterError]: ColumnNotFound
        at async e.interpretNode (src\generated\prisma\runtime\client.js:15:43522)
        at async e.interpretNode (src\generated\prisma\runtime\client.js:15:45151)
        at async e.run (src\generated\prisma\runtime\client.js:15:42242)
        at async e.execute (src\generated\prisma\runtime\client.js:61:815)
        at async qt.request (src\generated\prisma\runtime\client.js:62:2327)
        at async Object.singleLoader (src\generated\prisma\runtime\client.js:69:6569)
      13 | ...
      14 | ...
    > 15 | ...r(let o of n){let s=Sa(o,r.sqlCommenter),a=await this.#l(s,r.queryable,()=>r.queryable....
         |                                               ^
      16 | ...
      17 | ...
      18 | ... {
      [cause]: [Object]
    }
  },
  clientVersion: '7.6.0'
}
 GET /api/mobile/owner/fleet/messages 500 in 1951ms (next.js: 1258ms, proxy.ts: 4ms, application-code: 688ms)
[q626-count] pid=15364 checkouts=304 gucWrites=25
[q626-count] pid=15364 checkouts=305 gucWrites=25
 GET /api/mobile/owner/fuel 200 in 1068ms (next.js: 680ms, proxy.ts: 5ms, application-code: 384ms)
[q626-count] pid=15364 checkouts=306 gucWrites=25
 GET /api/mobile/owner/invoices 200 in 1590ms (next.js: 1172ms, proxy.ts: 7ms, application-code: 411ms)
[q626-count] pid=15364 checkouts=307 gucWrites=25
 GET /api/mobile/owner/loads 200 in 1967ms (next.js: 1394ms, proxy.ts: 18ms, application-code: 556ms)
[q626-count] pid=15364 checkouts=308 gucWrites=25
 GET /api/mobile/owner/maintenance 200 in 1133ms (next.js: 746ms, proxy.ts: 5ms, application-code: 382ms)
 GET /api/mobile/owner/map/vehicles 200 in 1438ms (next.js: 1068ms, proxy.ts: 8ms, application-code: 361ms)
[q626-count] pid=15364 checkouts=309 gucWrites=25
[2026-09-16T23:14:05.065Z] ERROR: [mobile/owner/payroll] error: Error [PrismaClientKnownRequestError]: 
Invalid `prisma.payrollRecord.findMany()` invocation:


The column `(not available)` does not exist in the current database.
    at zr.handleRequestError (src\generated\prisma\runtime\client.js:69:8172)
    at zr.handleAndLogRequestError (src\generated\prisma\runtime\client.js:69:7467)
    at zr.request (src\generated\prisma\runtime\client.js:69:7174)
    at async a (src\generated\prisma\runtime\client.js:79:5816)
    at async (src\app\api\mobile\owner\payroll\route.ts:40:23)
    at async Proxy._transactionWithCallback (src\generated\prisma\runtime\client.js:79:4390)
    at async GET (src\app\api\mobile\owner\payroll\route.ts:39:20)
  67 | ...
  68 | ...
> 69 | ...t u=s?{modelName:s,...t.meta}:t.meta;throw new w.PrismaClientKnownRequestError(l,{code:...
     |                                               ^
  70 | ...
  71 | ...
  72 | ... {
  code: 'P2022',
  meta: {
    modelName: 'PayrollRecord',
    driverAdapterError: Error [DriverAdapterError]: ColumnNotFound
        at async e.interpretNode (src\generated\prisma\runtime\client.js:15:43522)
        at async e.interpretNode (src\generated\prisma\runtime\client.js:15:42651)
        at async e.interpretNode (src\generated\prisma\runtime\client.js:15:45151)
        at async e.run (src\generated\prisma\runtime\client.js:15:42242)
        at async e.execute (src\generated\prisma\runtime\client.js:61:815)
        at async qt.request (src\generated\prisma\runtime\client.js:62:2327)
        at async Object.singleLoader (src\generated\prisma\runtime\client.js:69:6569)
      13 | ...
      14 | ...
    > 15 | ...r(let o of n){let s=Sa(o,r.sqlCommenter),a=await this.#l(s,r.queryable,()=>r.queryable....
         |                                               ^
      16 | ...
      17 | ...
      18 | ... {
      [cause]: [Object]
    }
  },
  clientVersion: '7.6.0'
}
 GET /api/mobile/owner/payroll 500 in 1505ms (next.js: 838ms, proxy.ts: 14ms, application-code: 654ms)
[q626-count] pid=15364 checkouts=310 gucWrites=25
[q626-count] pid=15364 checkouts=311 gucWrites=25
 GET /api/mobile/owner/routes 200 in 1352ms (next.js: 799ms, proxy.ts: 8ms, application-code: 545ms)
[q626-count] pid=15364 checkouts=312 gucWrites=25
 GET /api/mobile/owner/safety 200 in 2.3s (next.js: 1467ms, proxy.ts: 12ms, application-code: 798ms)
[q626-count] pid=15364 checkouts=313 gucWrites=25
 GET /api/mobile/owner/trucks 200 in 1658ms (next.js: 981ms, proxy.ts: 6ms, application-code: 671ms)
 GET /api/mobile/driver/dashboard 401 in 30ms (next.js: 8ms, proxy.ts: 5ms, application-code: 18ms)
[q626-count] pid=15364 checkouts=314 gucWrites=26
 GET /api/mobile/driver/dashboard 200 in 597ms (next.js: 11ms, proxy.ts: 8ms, application-code: 577ms)
